// Jest Snapshot v1, https://goo.gl/fbAQLP

exports[`App should render 1`] = `
<Provider
  store={
    Object {
      "dispatch": [Function],
      "getState": [Function],
      "replaceReducer": [Function],
      "subscribe": [Function],
      Symbol(observable): [Function],
    }
  }
>
  <div>
    Hello world
    <Connect(Counter) />
  </div>
</Provider>
`;
